// Jest Snapshot v1, https://goo.gl/fbAQLP

exports[`Small card correctly renders 1`] = `
<article
  className="small-movie-card catalog__movies-card"
  onMouseEnter={[Function]}
  onMouseLeave={[Function]}
>
  <a
    href="/films/0"
    onClick={[Function]}
  >
    <div
      className="small-movie-card__image"
    >
      <video
        height="100%"
        muted={true}
        poster="fantastic-beasts-the-crimes-of-grindelwald.jpg"
        width="100%"
      >
        <source
          src="https://download.blender.org/durian/trailer/sintel_trailer-480p.mp4"
          type="video/mp4"
        />
      </video>
    </div>
  </a>
  <h3
    className="small-movie-card__title"
  >
    <a
      className="small-movie-card__link"
      href="/films/0"
      onClick={[Function]}
    >
      Fantastic Beasts: The Crimes of Grindelwald
    </a>
  </h3>
</article>
`;
