// Jest Snapshot v1, https://goo.gl/fbAQLP

exports[`FavoriteList component renders correctly 1`] = `
<div
  className="user-page"
>
  <header
    className="page-header user-page__head"
  >
    <div
      className="logo"
    >
      <a
        className="logo__link"
        href="/"
        onClick={[Function]}
      >
        <span
          className="logo__letter logo__letter--1"
        >
          W
        </span>
        <span
          className="logo__letter logo__letter--2"
        >
          T
        </span>
        <span
          className="logo__letter logo__letter--3"
        >
          W
        </span>
      </a>
    </div>
    <h1
      className="page-title user-page__title"
    >
      My list
    </h1>
    <div
      className="user-block"
    >
      <a
        className="user-block__link"
        href="/login"
        onClick={[Function]}
      >
        Sign in
      </a>
    </div>
  </header>
  <section
    className="catalog"
  >
    <h2
      className="catalog__title visually-hidden"
    >
      Catalog
    </h2>
    <div
      className="catalog__movies-list"
    >
      <article
        className="small-movie-card catalog__movies-card"
        onMouseEnter={[Function]}
        onMouseLeave={[Function]}
      >
        <a
          href="/films/0"
          onClick={[Function]}
        >
          <div
            className="small-movie-card__image"
          >
            <video
              height="100%"
              muted={true}
              poster="fantastic-beasts-the-crimes-of-grindelwald.jpg"
              width="100%"
            >
              <source
                src="https://download.blender.org/durian/trailer/sintel_trailer-480p.mp4"
                type="video/mp4"
              />
            </video>
          </div>
        </a>
        <h3
          className="small-movie-card__title"
        >
          <a
            className="small-movie-card__link"
            href="/films/0"
            onClick={[Function]}
          >
            Fantastic Beasts: The Crimes of Grindelwald
          </a>
        </h3>
      </article>
      <article
        className="small-movie-card catalog__movies-card"
        onMouseEnter={[Function]}
        onMouseLeave={[Function]}
      >
        <a
          href="/films/1"
          onClick={[Function]}
        >
          <div
            className="small-movie-card__image"
          >
            <video
              height="100%"
              muted={true}
              poster="bohemian-rhapsody.jpg"
              width="100%"
            >
              <source
                src="https://upload.wikimedia.org/wikipedia/commons/transcoded/b/b3/Big_Buck_Bunny_Trailer_400p.ogv/Big_Buck_Bunny_Trailer_400p.ogv.360p.webm"
                type="video/webm"
              />
            </video>
          </div>
        </a>
        <h3
          className="small-movie-card__title"
        >
          <a
            className="small-movie-card__link"
            href="/films/1"
            onClick={[Function]}
          >
            Fantastic Beasts
          </a>
        </h3>
      </article>
      <article
        className="small-movie-card catalog__movies-card"
        onMouseEnter={[Function]}
        onMouseLeave={[Function]}
      >
        <a
          href="/films/2"
          onClick={[Function]}
        >
          <div
            className="small-movie-card__image"
          >
            <video
              height="100%"
              muted={true}
              poster="macbeth.jpg"
              width="100%"
            >
              <source
                src="https://download.blender.org/durian/trailer/sintel_trailer-480p.mp4"
                type="video/mp4"
              />
            </video>
          </div>
        </a>
        <h3
          className="small-movie-card__title"
        >
          <a
            className="small-movie-card__link"
            href="/films/2"
            onClick={[Function]}
          >
            Macbeth
          </a>
        </h3>
      </article>
      <article
        className="small-movie-card catalog__movies-card"
        onMouseEnter={[Function]}
        onMouseLeave={[Function]}
      >
        <a
          href="/films/3"
          onClick={[Function]}
        >
          <div
            className="small-movie-card__image"
          >
            <video
              height="100%"
              muted={true}
              poster="aviator.jpg"
              width="100%"
            >
              <source
                src="https://upload.wikimedia.org/wikipedia/commons/transcoded/b/b3/Big_Buck_Bunny_Trailer_400p.ogv/Big_Buck_Bunny_Trailer_400p.ogv.360p.webm"
                type="video/webm"
              />
            </video>
          </div>
        </a>
        <h3
          className="small-movie-card__title"
        >
          <a
            className="small-movie-card__link"
            href="/films/3"
            onClick={[Function]}
          >
            Aviator
          </a>
        </h3>
      </article>
      <article
        className="small-movie-card catalog__movies-card"
        onMouseEnter={[Function]}
        onMouseLeave={[Function]}
      >
        <a
          href="/films/4"
          onClick={[Function]}
        >
          <div
            className="small-movie-card__image"
          >
            <video
              height="100%"
              muted={true}
              poster="we-need-to-talk-about-kevin.jpg"
              width="100%"
            >
              <source
                src="https://download.blender.org/durian/trailer/sintel_trailer-480p.mp4"
                type="video/mp4"
              />
            </video>
          </div>
        </a>
        <h3
          className="small-movie-card__title"
        >
          <a
            className="small-movie-card__link"
            href="/films/4"
            onClick={[Function]}
          >
            We need to talk about Kevin
          </a>
        </h3>
      </article>
      <article
        className="small-movie-card catalog__movies-card"
        onMouseEnter={[Function]}
        onMouseLeave={[Function]}
      >
        <a
          href="/films/5"
          onClick={[Function]}
        >
          <div
            className="small-movie-card__image"
          >
            <video
              height="100%"
              muted={true}
              poster="the-grand-budapest-hotel-poster.jpg"
              width="100%"
            >
              <source
                src="https://upload.wikimedia.org/wikipedia/commons/transcoded/b/b3/Big_Buck_Bunny_Trailer_400p.ogv/Big_Buck_Bunny_Trailer_400p.ogv.360p.webm"
                type="video/webm"
              />
            </video>
          </div>
        </a>
        <h3
          className="small-movie-card__title"
        >
          <a
            className="small-movie-card__link"
            href="/films/5"
            onClick={[Function]}
          >
            The Grand Budapest Hotel
          </a>
        </h3>
      </article>
      <article
        className="small-movie-card catalog__movies-card"
        onMouseEnter={[Function]}
        onMouseLeave={[Function]}
      >
        <a
          href="/films/6"
          onClick={[Function]}
        >
          <div
            className="small-movie-card__image"
          >
            <video
              height="100%"
              muted={true}
              poster="fantastic-beasts-the-crimes-of-grindelwald.jpg"
              width="100%"
            >
              <source
                src="https://download.blender.org/durian/trailer/sintel_trailer-480p.mp4"
                type="video/mp4"
              />
            </video>
          </div>
        </a>
        <h3
          className="small-movie-card__title"
        >
          <a
            className="small-movie-card__link"
            href="/films/6"
            onClick={[Function]}
          >
            Fantastic Beasts: The Crimes of Grindelwald
          </a>
        </h3>
      </article>
      <article
        className="small-movie-card catalog__movies-card"
        onMouseEnter={[Function]}
        onMouseLeave={[Function]}
      >
        <a
          href="/films/7"
          onClick={[Function]}
        >
          <div
            className="small-movie-card__image"
          >
            <video
              height="100%"
              muted={true}
              poster="bohemian-rhapsody.jpg"
              width="100%"
            >
              <source
                src="https://upload.wikimedia.org/wikipedia/commons/transcoded/b/b3/Big_Buck_Bunny_Trailer_400p.ogv/Big_Buck_Bunny_Trailer_400p.ogv.360p.webm"
                type="video/webm"
              />
            </video>
          </div>
        </a>
        <h3
          className="small-movie-card__title"
        >
          <a
            className="small-movie-card__link"
            href="/films/7"
            onClick={[Function]}
          >
            Fantastic Beasts
          </a>
        </h3>
      </article>
    </div>
  </section>
</div>
`;
